00:00 +0: loading C:/Users/dawid/Desktop/Flutter Web App/test/create_community_test.dart
00:00 +0: C:/Users/dawid/Desktop/Flutter Web App/test/create_community_test.dart: Create Community Page functionality
00:01 +1: C:/Users/dawid/Desktop/Flutter Web App/test/widget_test.dart: Verify AppBar and Drawer items and Navigation
══╡ EXCEPTION CAUGHT BY FLUTTER TEST FRAMEWORK ╞════════════════════════════════════════════════════
The following TestFailure was thrown running a test:
Expected: exactly one matching candidate
  Actual: _TextWidgetFinder:<Found 0 widgets with text "Settings Page": []>
   Which: means none were found but one was expected

When the exception was thrown, this was the stack:
#4      main.<anonymous closure> (file:///C:/Users/dawid/Desktop/Flutter%20Web%20App/test/widget_test.dart:33:5)
<asynchronous suspension>
#5      testWidgets.<anonymous closure>.<anonymous closure> (package:flutter_test/src/widget_tester.dart:192:15)
<asynchronous suspension>
#6      TestWidgetsFlutterBinding._runTestBody (package:flutter_test/src/binding.dart:1059:5)
<asynchronous suspension>
<asynchronous suspension>
(elided one frame from package:stack_trace)

This was caught by the test expectation on the following line:
  file:///C:/Users/dawid/Desktop/Flutter%20Web%20App/test/widget_test.dart line 33
The test description was:
  Verify AppBar and Drawer items and Navigation
════════════════════════════════════════════════════════════════════════════════════════════════════
00:02 +1 -1: C:/Users/dawid/Desktop/Flutter Web App/test/widget_test.dart: Verify AppBar and Drawer items and Navigation [E]
  Test failed. See exception logs above.
  The test description was: Verify AppBar and Drawer items and Navigation
  
00:02 +1 -1: Some tests failed.
